// Jest Snapshot v1, https://goo.gl/fbAQLP

exports[`server.js [GET] / returns correct data 1`] = `
Object {
  "api": "up",
}
`;
